// Jest Snapshot v1, https://goo.gl/fbAQLP

exports[`renders hello world snapshot (enzyme) 1`] = `
<h1>
  Hello World!
</h1>
`;
