// Jest Snapshot v1, https://goo.gl/fbAQLP

exports[`renders hello world snapshot with default context color (enzyme) 1`] = `
<h1
  style="color:#d676ff"
>
  Hello World!
</h1>
`;
